// Jest Snapshot v1, https://goo.gl/fbAQLP

exports[`component <HelloWorld /> should render correctly 1`] = `
<HelloWorldcomponent__Content>
  To get started, edit 
  <code>
    src/HelloWorld/HelloWorld.component.js
  </code>
   and save to reload.
</HelloWorldcomponent__Content>
`;
